// Jest Snapshot v1, https://goo.gl/fbAQLP

exports[`List Test Suite List component should render 1`] = `ShallowWrapper {}`;
