// Jest Snapshot v1, https://goo.gl/fbAQLP

exports[`News Test Suite News component should render 1`] = `ShallowWrapper {}`;
