// Jest Snapshot v1, https://goo.gl/fbAQLP

exports[`HomePage Test Suite HomePage should render 1`] = `
Object {
  "wrapper": ShallowWrapper {},
}
`;
